                OK  aggressor_share_60s      66 partition(s)  /data/factor_lzt/prod/explore/reports/run_aggressor_share_60s_20250701_20250930_221856.json
                OK  arrival_accel_x_ti       66 partition(s)  /data/factor_lzt/prod/explore/reports/run_arrival_accel_x_ti_20250701_20250930_221859.json
                OK  book_slope_delta_60s     66 partition(s)  /data/factor_lzt/prod/explore/reports/run_book_slope_delta_60s_20250701_20250930_221902.json
                OK  book_slope_z_300s        66 partition(s)  /data/factor_lzt/prod/explore/reports/run_book_slope_z_300s_20250701_20250930_221905.json
                OK  cancel_x_ofi             66 partition(s)  /data/factor_lzt/prod/explore/reports/run_cancel_x_ofi_20250701_20250930_221908.json
                OK  depth5_delta_120s        66 partition(s)  /data/factor_lzt/prod/explore/reports/run_depth5_delta_120s_20250701_20250930_221911.json
                OK  depth5_delta_30s         66 partition(s)  /data/factor_lzt/prod/explore/reports/run_depth5_delta_30s_20250701_20250930_221914.json
                OK  depth_ratio_5to1_z       66 partition(s)  /data/factor_lzt/prod/explore/reports/run_depth_ratio_5to1_z_20250701_20250930_221918.json
                OK  depth_thickness_z_300s   66 partition(s)  /data/factor_lzt/prod/explore/reports/run_depth_thickness_z_300s_20250701_20250930_221921.json
                OK  flow_accel_signed        66 partition(s)  /data/factor_lzt/prod/explore/reports/run_flow_accel_signed_20250701_20250930_221924.json
                OK  flow_divergence_120s     66 partition(s)  /data/factor_lzt/prod/explore/reports/run_flow_divergence_120s_20250701_20250930_221927.json
                OK  flow_divergence_60s      66 partition(s)  /data/factor_lzt/prod/explore/reports/run_flow_divergence_60s_20250701_20250930_221930.json
                OK  flow_divergence_x_spread_z 66 partition(s)  /data/factor_lzt/prod/explore/reports/run_flow_divergence_x_spread_z_20250701_20250930_221932.json
                OK  gap_x_direction          66 partition(s)  /data/factor_lzt/prod/explore/reports/run_gap_x_direction_20250701_20250930_221935.json
                OK  iopv_premium_mom_60s     66 partition(s)  /data/factor_lzt/prod/explore/reports/run_iopv_premium_mom_60s_20250701_20250930_221938.json
                OK  iopv_premium_z_120s      66 partition(s)  /data/factor_lzt/prod/explore/reports/run_iopv_premium_z_120s_20250701_20250930_221940.json
                OK  iopv_premium_z_600s      66 partition(s)  /data/factor_lzt/prod/explore/reports/run_iopv_premium_z_600s_20250701_20250930_221943.json
                OK  large_share_mom_300s     66 partition(s)  /data/factor_lzt/prod/explore/reports/run_large_share_mom_300s_20250701_20250930_221946.json
                OK  large_share_z_x_ti       66 partition(s)  /data/factor_lzt/prod/explore/reports/run_large_share_z_x_ti_20250701_20250930_221948.json
                OK  last_mid_gap_ma_30s      66 partition(s)  /data/factor_lzt/prod/explore/reports/run_last_mid_gap_ma_30s_20250701_20250930_221951.json
                OK  last_mid_gap_ticks       66 partition(s)  /data/factor_lzt/prod/explore/reports/run_last_mid_gap_ticks_20250701_20250930_221953.json
                OK  log_mid_ret_120s         66 partition(s)  /data/factor_lzt/prod/explore/reports/run_log_mid_ret_120s_20250701_20250930_221956.json
                OK  log_mid_ret_15s          66 partition(s)  /data/factor_lzt/prod/explore/reports/run_log_mid_ret_15s_20250701_20250930_221959.json
                OK  log_mid_ret_30s          66 partition(s)  /data/factor_lzt/prod/explore/reports/run_log_mid_ret_30s_20250701_20250930_222001.json
                OK  microprice_dev_mom_60s   66 partition(s)  /data/factor_lzt/prod/explore/reports/run_microprice_dev_mom_60s_20250701_20250930_222004.json
                OK  microprice_dev_z_300s    66 partition(s)  /data/factor_lzt/prod/explore/reports/run_microprice_dev_z_300s_20250701_20250930_222006.json
                OK  mid_day_range_pos        66 partition(s)  /data/factor_lzt/prod/explore/reports/run_mid_day_range_pos_20250701_20250930_222009.json
                OK  ofi_fast_slow            66 partition(s)  /data/factor_lzt/prod/explore/reports/run_ofi_fast_slow_20250701_20250930_222012.json
                OK  ofi_mom_60s              66 partition(s)  /data/factor_lzt/prod/explore/reports/run_ofi_mom_60s_20250701_20250930_222014.json
                OK  ofi_ti_agree_60s         66 partition(s)  /data/factor_lzt/prod/explore/reports/run_ofi_ti_agree_60s_20250701_20250930_222017.json
                OK  ofi_x_premium_sign       66 partition(s)  /data/factor_lzt/prod/explore/reports/run_ofi_x_premium_sign_20250701_20250930_222020.json
                OK  ofi_z_x_spread_z         66 partition(s)  /data/factor_lzt/prod/explore/reports/run_ofi_z_x_spread_z_20250701_20250930_222023.json
                OK  oir_mom_60s              66 partition(s)  /data/factor_lzt/prod/explore/reports/run_oir_mom_60s_20250701_20250930_222025.json
                OK  prem_reversion_x_rv      66 partition(s)  /data/factor_lzt/prod/explore/reports/run_prem_reversion_x_rv_20250701_20250930_222028.json
                OK  prem_x_cancel            66 partition(s)  /data/factor_lzt/prod/explore/reports/run_prem_x_cancel_20250701_20250930_222031.json
                OK  prem_x_depth_imb         66 partition(s)  /data/factor_lzt/prod/explore/reports/run_prem_x_depth_imb_20250701_20250930_222034.json
                OK  premium_dev_day          66 partition(s)  /data/factor_lzt/prod/explore/reports/run_premium_dev_day_20250701_20250930_222037.json
                OK  price_accel_60_180       66 partition(s)  /data/factor_lzt/prod/explore/reports/run_price_accel_60_180_20250701_20250930_222039.json
                OK  queue_pressure_x_slope   66 partition(s)  /data/factor_lzt/prod/explore/reports/run_queue_pressure_x_slope_20250701_20250930_222043.json
                OK  regime_vol_x_flow        66 partition(s)  /data/factor_lzt/prod/explore/reports/run_regime_vol_x_flow_20250701_20250930_222046.json
                OK  rv_ratio_60_300          66 partition(s)  /data/factor_lzt/prod/explore/reports/run_rv_ratio_60_300_20250701_20250930_222048.json
                OK  rv_ratio_z_300s          66 partition(s)  /data/factor_lzt/prod/explore/reports/run_rv_ratio_z_300s_20250701_20250930_222051.json
                OK  rv_z_300s                66 partition(s)  /data/factor_lzt/prod/explore/reports/run_rv_z_300s_20250701_20250930_222054.json
                OK  session_u_x_mom          66 partition(s)  /data/factor_lzt/prod/explore/reports/run_session_u_x_mom_20250701_20250930_222057.json
                OK  signed_arrival_z         66 partition(s)  /data/factor_lzt/prod/explore/reports/run_signed_arrival_z_20250701_20250930_222059.json
                OK  signed_rv_60s            66 partition(s)  /data/factor_lzt/prod/explore/reports/run_signed_rv_60s_20250701_20250930_222102.json
                OK  size_x_direction         66 partition(s)  /data/factor_lzt/prod/explore/reports/run_size_x_direction_20250701_20250930_222105.json
                OK  spread_z_120s            66 partition(s)  /data/factor_lzt/prod/explore/reports/run_spread_z_120s_20250701_20250930_222107.json
                OK  spread_z_60s             66 partition(s)  /data/factor_lzt/prod/explore/reports/run_spread_z_60s_20250701_20250930_222110.json
                OK  ti_accum_120s            66 partition(s)  /data/factor_lzt/prod/explore/reports/run_ti_accum_120s_20250701_20250930_222113.json
                OK  ti_z_x_large_share       66 partition(s)  /data/factor_lzt/prod/explore/reports/run_ti_z_x_large_share_20250701_20250930_222115.json
                OK  ti_z_x_spread_z          66 partition(s)  /data/factor_lzt/prod/explore/reports/run_ti_z_x_spread_z_20250701_20250930_222118.json
                OK  top_book_delta_120s      66 partition(s)  /data/factor_lzt/prod/explore/reports/run_top_book_delta_120s_20250701_20250930_222121.json
                OK  top_book_delta_30s       66 partition(s)  /data/factor_lzt/prod/explore/reports/run_top_book_delta_30s_20250701_20250930_222123.json
                OK  vol_adj_mom_60s          66 partition(s)  /data/factor_lzt/prod/explore/reports/run_vol_adj_mom_60s_20250701_20250930_222126.json
                OK  vol_confirmed_mom        66 partition(s)  /data/factor_lzt/prod/explore/reports/run_vol_confirmed_mom_20250701_20250930_222129.json
                OK  vol_rate_x_ti            66 partition(s)  /data/factor_lzt/prod/explore/reports/run_vol_rate_x_ti_20250701_20250930_222132.json
                OK  wdi_accel_90s            66 partition(s)  /data/factor_lzt/prod/explore/reports/run_wdi_accel_90s_20250701_20250930_222135.json
                OK  wdi_mom_180s             66 partition(s)  /data/factor_lzt/prod/explore/reports/run_wdi_mom_180s_20250701_20250930_222137.json
                OK  wdi_mom_30s              66 partition(s)  /data/factor_lzt/prod/explore/reports/run_wdi_mom_30s_20250701_20250930_222140.json
60 prototype(s): 60 ok/skipped, 0 rejected/failed
