      FAIL  aggressor_share_60s      status=ok  max|corr|=0.233
              - no horizon passed (need IS |t| >= 2.0, OOS |t| >= 2.0, retention >= 0.5 with same sign)
              h=  15s  is_ic=+0.0555 (t=+3.57)  oos_ic=+0.0076 (t=+0.64)  [fail]
              h=  30s  is_ic=+0.0610 (t=+2.61)  oos_ic=+0.0073 (t=+0.42)  [fail]
              h=  60s  is_ic=+0.0642 (t=+1.96)  oos_ic=+0.0065 (t=+0.32)  [fail]
              h= 300s  is_ic=+0.0652 (t=+2.46)  oos_ic=+0.0453 (t=+1.38)  [fail]
              h= 900s  is_ic=+0.0693 (t=+4.82)  oos_ic=+0.0690 (t=+1.61)  [fail]
              report: /data/factor_lzt/prod/explore/reports/screen_aggressor_share_60s_20250701_20250930_222238.json
      FAIL  arrival_accel_x_ti       status=ok  max|corr|=0.135
              - no horizon passed (need IS |t| >= 2.0, OOS |t| >= 2.0, retention >= 0.5 with same sign)
              h=  15s  is_ic=+0.0196 (t=+4.59)  oos_ic=+0.0028 (t=+0.33)  [fail]
              h=  30s  is_ic=+0.0191 (t=+3.77)  oos_ic=+0.0101 (t=+0.71)  [fail]
              h=  60s  is_ic=+0.0166 (t=+3.06)  oos_ic=+0.0109 (t=+0.50)  [fail]
              h= 300s  is_ic=+0.0078 (t=+1.54)  oos_ic=-0.0164 (t=-0.85)  [fail]
              h= 900s  is_ic=-0.0011 (t=-0.21)  oos_ic=-0.0334 (t=-3.67)  [fail]
              report: /data/factor_lzt/prod/explore/reports/screen_arrival_accel_x_ti_20250701_20250930_222240.json
      FAIL  book_slope_delta_60s     status=ok  max|corr|=0.358
              - no horizon passed (need IS |t| >= 2.0, OOS |t| >= 2.0, retention >= 0.5 with same sign)
              h=  15s  is_ic=-0.0075 (t=-1.32)  oos_ic=+0.0086 (t=+1.10)  [fail]
              h=  30s  is_ic=-0.0051 (t=-0.85)  oos_ic=-0.0009 (t=-0.08)  [fail]
              h=  60s  is_ic=-0.0097 (t=-1.21)  oos_ic=+0.0022 (t=+0.20)  [fail]
              h= 300s  is_ic=-0.0071 (t=-2.26)  oos_ic=+0.0086 (t=+1.07)  [fail]
              h= 900s  is_ic=-0.0048 (t=-1.40)  oos_ic=+0.0099 (t=+2.17)  [fail]
              report: /data/factor_lzt/prod/explore/reports/screen_book_slope_delta_60s_20250701_20250930_222243.json
      FAIL  book_slope_z_300s        status=ok  max|corr|=0.545
              - no horizon passed (need IS |t| >= 2.0, OOS |t| >= 2.0, retention >= 0.5 with same sign)
              h=  15s  is_ic=-0.0043 (t=-0.67)  oos_ic=+0.0149 (t=+1.96)  [fail]
              h=  30s  is_ic=-0.0027 (t=-0.32)  oos_ic=+0.0079 (t=+0.69)  [fail]
              h=  60s  is_ic=-0.0074 (t=-0.66)  oos_ic=+0.0065 (t=+0.74)  [fail]
              h= 300s  is_ic=-0.0130 (t=-1.78)  oos_ic=+0.0054 (t=+0.28)  [fail]
              h= 900s  is_ic=-0.0109 (t=-1.72)  oos_ic=+0.0110 (t=+0.92)  [fail]
              report: /data/factor_lzt/prod/explore/reports/screen_book_slope_z_300s_20250701_20250930_222245.json
      FAIL  cancel_x_ofi             status=ok  max|corr|=-1.000
              - no horizon passed (need IS |t| >= 2.0, OOS |t| >= 2.0, retention >= 0.5 with same sign)
              h=  15s  is_ic=+nan (t=+nan)  oos_ic=+nan (t=+nan)  [fail]
              h=  30s  is_ic=+nan (t=+nan)  oos_ic=+nan (t=+nan)  [fail]
              h=  60s  is_ic=+nan (t=+nan)  oos_ic=+nan (t=+nan)  [fail]
              h= 300s  is_ic=+nan (t=+nan)  oos_ic=+nan (t=+nan)  [fail]
              h= 900s  is_ic=+nan (t=+nan)  oos_ic=+nan (t=+nan)  [fail]
              report: /data/factor_lzt/prod/explore/reports/screen_cancel_x_ofi_20250701_20250930_222245.json
      PASS  depth5_delta_120s        status=ok  max|corr|=0.402
              h=  15s  is_ic=+0.1745 (t=+13.14)  oos_ic=+0.0831 (t=+9.24)  [fail]
              h=  30s  is_ic=+0.1704 (t=+7.22)  oos_ic=+0.0778 (t=+13.43)  [fail]
              h=  60s  is_ic=+0.1561 (t=+4.91)  oos_ic=+0.0680 (t=+5.65)  [fail]
              h= 300s  is_ic=+0.0914 (t=+3.71)  oos_ic=+0.0486 (t=+2.52)  [pass]
              h= 900s  is_ic=+0.0651 (t=+4.11)  oos_ic=+0.0605 (t=+2.93)  [pass]
              report: /data/factor_lzt/prod/explore/reports/screen_depth5_delta_120s_20250701_20250930_222248.json
      PASS  depth5_delta_30s         status=ok  max|corr|=0.357
              h=  15s  is_ic=+0.2155 (t=+18.49)  oos_ic=+0.1092 (t=+7.52)  [pass]
              h=  30s  is_ic=+0.2014 (t=+10.13)  oos_ic=+0.0891 (t=+5.95)  [fail]
              h=  60s  is_ic=+0.1745 (t=+5.83)  oos_ic=+0.0579 (t=+5.18)  [fail]
              h= 300s  is_ic=+0.0978 (t=+5.08)  oos_ic=+0.0336 (t=+3.50)  [fail]
              h= 900s  is_ic=+0.0622 (t=+5.10)  oos_ic=+0.0318 (t=+5.98)  [pass]
              report: /data/factor_lzt/prod/explore/reports/screen_depth5_delta_30s_20250701_20250930_222250.json
      FAIL  depth_ratio_5to1_z       status=ok  max|corr|=0.384
              - no horizon passed (need IS |t| >= 2.0, OOS |t| >= 2.0, retention >= 0.5 with same sign)
              h=  15s  is_ic=-0.0403 (t=-2.18)  oos_ic=+0.0322 (t=+2.12)  [fail]
              h=  30s  is_ic=-0.0350 (t=-1.64)  oos_ic=+0.0202 (t=+1.57)  [fail]
              h=  60s  is_ic=-0.0325 (t=-1.71)  oos_ic=+0.0200 (t=+1.70)  [fail]
              h= 300s  is_ic=-0.0287 (t=-2.82)  oos_ic=-0.0026 (t=-0.14)  [fail]
              h= 900s  is_ic=-0.0161 (t=-2.12)  oos_ic=+0.0036 (t=+0.25)  [fail]
              report: /data/factor_lzt/prod/explore/reports/screen_depth_ratio_5to1_z_20250701_20250930_222252.json
      FAIL  depth_thickness_z_300s   status=ok  max|corr|=0.190
              - no horizon passed (need IS |t| >= 2.0, OOS |t| >= 2.0, retention >= 0.5 with same sign)
              h=  15s  is_ic=+0.0062 (t=+0.84)  oos_ic=+0.0168 (t=+0.95)  [fail]
              h=  30s  is_ic=+0.0002 (t=+0.03)  oos_ic=+0.0025 (t=+0.10)  [fail]
              h=  60s  is_ic=-0.0070 (t=-0.76)  oos_ic=-0.0177 (t=-0.50)  [fail]
              h= 300s  is_ic=-0.0166 (t=-1.56)  oos_ic=-0.0613 (t=-2.07)  [fail]
              h= 900s  is_ic=-0.0181 (t=-1.66)  oos_ic=-0.0040 (t=-0.16)  [fail]
              report: /data/factor_lzt/prod/explore/reports/screen_depth_thickness_z_300s_20250701_20250930_222255.json
      FAIL  flow_accel_signed        status=ok  max|corr|=0.297
              - no horizon passed (need IS |t| >= 2.0, OOS |t| >= 2.0, retention >= 0.5 with same sign)
              h=  15s  is_ic=-0.0009 (t=-0.20)  oos_ic=+0.0061 (t=+0.71)  [fail]
              h=  30s  is_ic=-0.0078 (t=-2.20)  oos_ic=+0.0155 (t=+1.44)  [fail]
              h=  60s  is_ic=-0.0107 (t=-2.78)  oos_ic=+0.0113 (t=+1.07)  [fail]
              h= 300s  is_ic=-0.0064 (t=-1.27)  oos_ic=+0.0149 (t=+3.18)  [fail]
              h= 900s  is_ic=+0.0048 (t=+0.92)  oos_ic=+0.0243 (t=+1.31)  [fail]
              report: /data/factor_lzt/prod/explore/reports/screen_flow_accel_signed_20250701_20250930_222257.json
      PASS  flow_divergence_120s     status=ok  max|corr|=0.345
              h=  15s  is_ic=+0.0281 (t=+4.68)  oos_ic=+0.0325 (t=+2.79)  [pass]
              h=  30s  is_ic=+0.0242 (t=+4.36)  oos_ic=+0.0358 (t=+2.27)  [pass]
              h=  60s  is_ic=+0.0184 (t=+3.05)  oos_ic=+0.0374 (t=+2.37)  [pass]
              h= 300s  is_ic=+0.0052 (t=+0.98)  oos_ic=+0.0314 (t=+1.41)  [fail]
              h= 900s  is_ic=+0.0064 (t=+1.40)  oos_ic=+0.0219 (t=+1.15)  [fail]
              report: /data/factor_lzt/prod/explore/reports/screen_flow_divergence_120s_20250701_20250930_222259.json
      PASS  flow_divergence_60s      status=ok  max|corr|=0.245
              h=  15s  is_ic=+0.0258 (t=+3.74)  oos_ic=+0.0325 (t=+2.16)  [pass]
              h=  30s  is_ic=+0.0209 (t=+2.88)  oos_ic=+0.0380 (t=+1.95)  [fail]
              h=  60s  is_ic=+0.0186 (t=+3.52)  oos_ic=+0.0388 (t=+2.89)  [pass]
              h= 300s  is_ic=+0.0086 (t=+2.32)  oos_ic=+0.0308 (t=+1.87)  [fail]
              h= 900s  is_ic=+0.0045 (t=+1.23)  oos_ic=+0.0278 (t=+3.57)  [fail]
              report: /data/factor_lzt/prod/explore/reports/screen_flow_divergence_60s_20250701_20250930_222302.json
      PASS  flow_divergence_x_spread_z status=ok  max|corr|=0.143
              h=  15s  is_ic=-0.0152 (t=-2.95)  oos_ic=-0.0271 (t=-2.21)  [pass]
              h=  30s  is_ic=-0.0118 (t=-1.85)  oos_ic=-0.0257 (t=-1.65)  [fail]
              h=  60s  is_ic=-0.0083 (t=-1.47)  oos_ic=-0.0281 (t=-1.38)  [fail]
              h= 300s  is_ic=-0.0007 (t=-0.15)  oos_ic=-0.0209 (t=-0.96)  [fail]
              h= 900s  is_ic=+0.0047 (t=+0.90)  oos_ic=-0.0072 (t=-0.82)  [fail]
              report: /data/factor_lzt/prod/explore/reports/screen_flow_divergence_x_spread_z_20250701_20250930_222304.json
      FAIL  gap_x_direction          status=ok  max|corr|=0.325
              - no horizon passed (need IS |t| >= 2.0, OOS |t| >= 2.0, retention >= 0.5 with same sign)
              h=  15s  is_ic=-0.0355 (t=-6.77)  oos_ic=+0.0030 (t=+0.52)  [fail]
              h=  30s  is_ic=-0.0304 (t=-5.64)  oos_ic=+0.0131 (t=+2.99)  [fail]
              h=  60s  is_ic=-0.0308 (t=-7.46)  oos_ic=+0.0211 (t=+3.32)  [fail]
              h= 300s  is_ic=-0.0212 (t=-4.47)  oos_ic=+0.0098 (t=+1.10)  [fail]
              h= 900s  is_ic=-0.0126 (t=-2.45)  oos_ic=+0.0308 (t=+1.28)  [fail]
              report: /data/factor_lzt/prod/explore/reports/screen_gap_x_direction_20250701_20250930_222306.json
      FAIL  iopv_premium_mom_60s     status=ok  max|corr|=0.383
              - no horizon passed (need IS |t| >= 2.0, OOS |t| >= 2.0, retention >= 0.5 with same sign)
              h=  15s  is_ic=-0.0493 (t=-7.13)  oos_ic=-0.0121 (t=-0.71)  [fail]
              h=  30s  is_ic=-0.0505 (t=-5.24)  oos_ic=+0.0016 (t=+0.07)  [fail]
              h=  60s  is_ic=-0.0458 (t=-3.78)  oos_ic=-0.0029 (t=-0.14)  [fail]
              h= 300s  is_ic=-0.0288 (t=-5.47)  oos_ic=+0.0020 (t=+0.27)  [fail]
              h= 900s  is_ic=-0.0177 (t=-6.24)  oos_ic=-0.0038 (t=-0.48)  [fail]
              report: /data/factor_lzt/prod/explore/reports/screen_iopv_premium_mom_60s_20250701_20250930_222308.json
      FAIL  iopv_premium_z_120s      status=ok  max|corr|=0.531
              - no horizon passed (need IS |t| >= 2.0, OOS |t| >= 2.0, retention >= 0.5 with same sign)
              h=  15s  is_ic=-0.0597 (t=-7.14)  oos_ic=-0.0184 (t=-1.32)  [fail]
              h=  30s  is_ic=-0.0601 (t=-5.54)  oos_ic=-0.0035 (t=-0.18)  [fail]
              h=  60s  is_ic=-0.0555 (t=-4.24)  oos_ic=-0.0164 (t=-0.64)  [fail]
              h= 300s  is_ic=-0.0362 (t=-5.60)  oos_ic=+0.0069 (t=+0.86)  [fail]
              h= 900s  is_ic=-0.0240 (t=-5.51)  oos_ic=+0.0029 (t=+0.36)  [fail]
              report: /data/factor_lzt/prod/explore/reports/screen_iopv_premium_z_120s_20250701_20250930_222310.json
      FAIL  iopv_premium_z_600s      status=ok  max|corr|=0.577
              - no horizon passed (need IS |t| >= 2.0, OOS |t| >= 2.0, retention >= 0.5 with same sign)
              h=  15s  is_ic=-0.0692 (t=-7.58)  oos_ic=-0.0158 (t=-1.50)  [fail]
              h=  30s  is_ic=-0.0728 (t=-5.91)  oos_ic=-0.0017 (t=-0.10)  [fail]
              h=  60s  is_ic=-0.0710 (t=-4.71)  oos_ic=-0.0128 (t=-0.67)  [fail]
              h= 300s  is_ic=-0.0536 (t=-7.05)  oos_ic=+0.0236 (t=+2.34)  [fail]
              h= 900s  is_ic=-0.0308 (t=-4.24)  oos_ic=+0.0202 (t=+0.84)  [fail]
              report: /data/factor_lzt/prod/explore/reports/screen_iopv_premium_z_600s_20250701_20250930_222312.json
      FAIL  large_share_mom_300s     status=ok  max|corr|=0.567
              - no horizon passed (need IS |t| >= 2.0, OOS |t| >= 2.0, retention >= 0.5 with same sign)
              h=  15s  is_ic=+0.0051 (t=+1.25)  oos_ic=+0.0020 (t=+0.16)  [fail]
              h=  30s  is_ic=+0.0073 (t=+1.30)  oos_ic=-0.0004 (t=-0.03)  [fail]
              h=  60s  is_ic=+0.0105 (t=+1.47)  oos_ic=-0.0121 (t=-1.25)  [fail]
              h= 300s  is_ic=-0.0007 (t=-0.08)  oos_ic=-0.0002 (t=-0.01)  [fail]
              h= 900s  is_ic=-0.0058 (t=-0.91)  oos_ic=+0.0139 (t=+0.97)  [fail]
              report: /data/factor_lzt/prod/explore/reports/screen_large_share_mom_300s_20250701_20250930_222315.json
      FAIL  large_share_z_x_ti       status=ok  max|corr|=0.085
              - no horizon passed (need IS |t| >= 2.0, OOS |t| >= 2.0, retention >= 0.5 with same sign)
              h=  15s  is_ic=-0.0023 (t=-0.59)  oos_ic=+0.0129 (t=+1.56)  [fail]
              h=  30s  is_ic=-0.0051 (t=-0.91)  oos_ic=+0.0181 (t=+2.25)  [fail]
              h=  60s  is_ic=-0.0061 (t=-1.02)  oos_ic=+0.0204 (t=+1.17)  [fail]
              h= 300s  is_ic=-0.0002 (t=-0.03)  oos_ic=+0.0054 (t=+0.23)  [fail]
              h= 900s  is_ic=-0.0013 (t=-0.17)  oos_ic=+0.0339 (t=+1.53)  [fail]
              report: /data/factor_lzt/prod/explore/reports/screen_large_share_z_x_ti_20250701_20250930_222317.json
      FAIL  last_mid_gap_ma_30s      status=ok  max|corr|=0.196
              - no horizon passed (need IS |t| >= 2.0, OOS |t| >= 2.0, retention >= 0.5 with same sign)
              h=  15s  is_ic=+0.0724 (t=+3.68)  oos_ic=+0.0049 (t=+0.33)  [fail]
              h=  30s  is_ic=+0.0775 (t=+2.88)  oos_ic=+0.0032 (t=+0.20)  [fail]
              h=  60s  is_ic=+0.0771 (t=+2.14)  oos_ic=+0.0052 (t=+0.34)  [fail]
              h= 300s  is_ic=+0.0678 (t=+2.40)  oos_ic=+0.0299 (t=+1.23)  [fail]
              h= 900s  is_ic=+0.0634 (t=+4.54)  oos_ic=+0.0422 (t=+1.36)  [fail]
              report: /data/factor_lzt/prod/explore/reports/screen_last_mid_gap_ma_30s_20250701_20250930_222319.json
      PASS  last_mid_gap_ticks       status=ok  max|corr|=0.307
              h=  15s  is_ic=+0.0953 (t=+7.67)  oos_ic=+0.0543 (t=+5.45)  [pass]
              h=  30s  is_ic=+0.0894 (t=+4.49)  oos_ic=+0.0360 (t=+3.37)  [fail]
              h=  60s  is_ic=+0.0798 (t=+3.31)  oos_ic=+0.0258 (t=+6.73)  [fail]
              h= 300s  is_ic=+0.0544 (t=+2.90)  oos_ic=+0.0260 (t=+2.92)  [fail]
              h= 900s  is_ic=+0.0437 (t=+3.78)  oos_ic=+0.0307 (t=+1.82)  [fail]
              report: /data/factor_lzt/prod/explore/reports/screen_last_mid_gap_ticks_20250701_20250930_222321.json
      PASS  log_mid_ret_120s         status=ok  max|corr|=0.616
              h=  15s  is_ic=-0.0336 (t=-1.48)  oos_ic=-0.0019 (t=-0.20)  [fail]
              h=  30s  is_ic=-0.0397 (t=-1.27)  oos_ic=-0.0059 (t=-0.53)  [fail]
              h=  60s  is_ic=-0.0398 (t=-1.18)  oos_ic=-0.0231 (t=-1.26)  [fail]
              h= 300s  is_ic=-0.0397 (t=-3.68)  oos_ic=-0.0402 (t=-0.86)  [fail]
              h= 900s  is_ic=-0.0642 (t=-5.19)  oos_ic=-0.0913 (t=-2.35)  [pass]
              report: /data/factor_lzt/prod/explore/reports/screen_log_mid_ret_120s_20250701_20250930_222323.json
      FAIL  log_mid_ret_15s          status=ok  max|corr|=0.373
              - no horizon passed (need IS |t| >= 2.0, OOS |t| >= 2.0, retention >= 0.5 with same sign)
              h=  15s  is_ic=-0.0585 (t=-2.10)  oos_ic=+0.0034 (t=+0.21)  [fail]
              h=  30s  is_ic=-0.0574 (t=-1.51)  oos_ic=+0.0156 (t=+0.76)  [fail]
              h=  60s  is_ic=-0.0532 (t=-1.38)  oos_ic=-0.0022 (t=-0.12)  [fail]
              h= 300s  is_ic=-0.0359 (t=-2.19)  oos_ic=-0.0155 (t=-0.77)  [fail]
              h= 900s  is_ic=-0.0357 (t=-3.24)  oos_ic=-0.0325 (t=-1.75)  [fail]
              report: /data/factor_lzt/prod/explore/reports/screen_log_mid_ret_15s_20250701_20250930_222325.json
      FAIL  log_mid_ret_30s          status=ok  max|corr|=0.561
              - no horizon passed (need IS |t| >= 2.0, OOS |t| >= 2.0, retention >= 0.5 with same sign)
              h=  15s  is_ic=-0.0550 (t=-1.78)  oos_ic=+0.0204 (t=+1.11)  [fail]
              h=  30s  is_ic=-0.0591 (t=-1.45)  oos_ic=+0.0200 (t=+1.02)  [fail]
              h=  60s  is_ic=-0.0567 (t=-1.30)  oos_ic=-0.0068 (t=-0.28)  [fail]
              h= 300s  is_ic=-0.0410 (t=-2.27)  oos_ic=-0.0196 (t=-0.79)  [fail]
              h= 900s  is_ic=-0.0443 (t=-3.51)  oos_ic=-0.0480 (t=-1.96)  [fail]
              report: /data/factor_lzt/prod/explore/reports/screen_log_mid_ret_30s_20250701_20250930_222328.json
      PASS  microprice_dev_mom_60s   status=ok  max|corr|=0.652
              h=  15s  is_ic=+0.2584 (t=+19.51)  oos_ic=+0.1719 (t=+14.18)  [pass]
              h=  30s  is_ic=+0.2374 (t=+8.34)  oos_ic=+0.1285 (t=+10.30)  [pass]
              h=  60s  is_ic=+0.2016 (t=+4.87)  oos_ic=+0.0884 (t=+9.92)  [fail]
              h= 300s  is_ic=+0.1143 (t=+4.50)  oos_ic=+0.0343 (t=+6.30)  [fail]
              h= 900s  is_ic=+0.0708 (t=+4.43)  oos_ic=+0.0259 (t=+16.39)  [fail]
              report: /data/factor_lzt/prod/explore/reports/screen_microprice_dev_mom_60s_20250701_20250930_222330.json
      FAIL  microprice_dev_z_300s    status=rejected_duplicate  max|corr|=0.902
              - duplicate of library factor 'microprice_dev' (max |corr| = 0.902 > 0.85)
              - signal present but already covered by the library
              h=  15s  is_ic=+0.3438 (t=+21.34)  oos_ic=+0.2413 (t=+15.94)  [pass]
              h=  30s  is_ic=+0.3178 (t=+9.32)  oos_ic=+0.1754 (t=+12.88)  [pass]
              h=  60s  is_ic=+0.2756 (t=+5.46)  oos_ic=+0.1260 (t=+16.99)  [fail]
              h= 300s  is_ic=+0.1620 (t=+4.58)  oos_ic=+0.0374 (t=+7.69)  [fail]
              h= 900s  is_ic=+0.0995 (t=+4.45)  oos_ic=+0.0313 (t=+4.68)  [fail]
              report: /data/factor_lzt/prod/explore/reports/screen_microprice_dev_z_300s_20250701_20250930_222332.json
      PASS  mid_day_range_pos        status=ok  max|corr|=0.407
              h=  15s  is_ic=-0.0430 (t=-4.07)  oos_ic=-0.0434 (t=-2.30)  [pass]
              h=  30s  is_ic=-0.0578 (t=-4.04)  oos_ic=-0.0658 (t=-2.59)  [pass]
              h=  60s  is_ic=-0.0772 (t=-4.56)  oos_ic=-0.1014 (t=-3.03)  [pass]
              h= 300s  is_ic=-0.1558 (t=-8.58)  oos_ic=-0.2156 (t=-2.60)  [pass]
              h= 900s  is_ic=-0.2730 (t=-9.99)  oos_ic=-0.3430 (t=-2.59)  [pass]
              report: /data/factor_lzt/prod/explore/reports/screen_mid_day_range_pos_20250701_20250930_222334.json
      FAIL  ofi_fast_slow            status=ok  max|corr|=0.666
              - no horizon passed (need IS |t| >= 2.0, OOS |t| >= 2.0, retention >= 0.5 with same sign)
              h=  15s  is_ic=+0.0401 (t=+5.20)  oos_ic=+0.0231 (t=+1.71)  [fail]
              h=  30s  is_ic=+0.0410 (t=+3.82)  oos_ic=+0.0057 (t=+0.24)  [fail]
              h=  60s  is_ic=+0.0394 (t=+3.46)  oos_ic=-0.0067 (t=-0.18)  [fail]
              h= 300s  is_ic=+0.0240 (t=+4.22)  oos_ic=+0.0175 (t=+0.91)  [fail]
              h= 900s  is_ic=+0.0137 (t=+3.22)  oos_ic=+0.0027 (t=+0.09)  [fail]
              report: /data/factor_lzt/prod/explore/reports/screen_ofi_fast_slow_20250701_20250930_222337.json
      FAIL  ofi_mom_60s              status=ok  max|corr|=0.415
              - no horizon passed (need IS |t| >= 2.0, OOS |t| >= 2.0, retention >= 0.5 with same sign)
              h=  15s  is_ic=+0.0548 (t=+10.42)  oos_ic=+0.0350 (t=+1.56)  [fail]
              h=  30s  is_ic=+0.0502 (t=+7.49)  oos_ic=+0.0198 (t=+1.08)  [fail]
              h=  60s  is_ic=+0.0451 (t=+6.71)  oos_ic=-0.0044 (t=-0.25)  [fail]
              h= 300s  is_ic=+0.0223 (t=+7.36)  oos_ic=+0.0131 (t=+0.59)  [fail]
              h= 900s  is_ic=+0.0166 (t=+6.14)  oos_ic=+0.0073 (t=+0.68)  [fail]
              report: /data/factor_lzt/prod/explore/reports/screen_ofi_mom_60s_20250701_20250930_222339.json
      FAIL  ofi_ti_agree_60s         status=ok  max|corr|=0.253
              - no horizon passed (need IS |t| >= 2.0, OOS |t| >= 2.0, retention >= 0.5 with same sign)
              h=  15s  is_ic=-0.0068 (t=-1.63)  oos_ic=-0.0202 (t=-1.88)  [fail]
              h=  30s  is_ic=-0.0055 (t=-0.98)  oos_ic=-0.0321 (t=-2.07)  [fail]
              h=  60s  is_ic=-0.0050 (t=-0.71)  oos_ic=-0.0433 (t=-2.42)  [fail]
              h= 300s  is_ic=+0.0091 (t=+0.85)  oos_ic=-0.0339 (t=-0.89)  [fail]
              h= 900s  is_ic=+0.0162 (t=+1.94)  oos_ic=-0.0482 (t=-1.70)  [fail]
              report: /data/factor_lzt/prod/explore/reports/screen_ofi_ti_agree_60s_20250701_20250930_222341.json
      FAIL  ofi_x_premium_sign       status=ok  max|corr|=0.120
              - no horizon passed (need IS |t| >= 2.0, OOS |t| >= 2.0, retention >= 0.5 with same sign)
              h=  15s  is_ic=-0.0039 (t=-0.41)  oos_ic=-0.0042 (t=-0.53)  [fail]
              h=  30s  is_ic=-0.0046 (t=-0.59)  oos_ic=+0.0039 (t=+0.40)  [fail]
              h=  60s  is_ic=-0.0046 (t=-0.59)  oos_ic=+0.0040 (t=+0.26)  [fail]
              h= 300s  is_ic=-0.0075 (t=-1.49)  oos_ic=-0.0174 (t=-2.38)  [fail]
              h= 900s  is_ic=+0.0001 (t=+0.01)  oos_ic=-0.0212 (t=-2.77)  [fail]
              report: /data/factor_lzt/prod/explore/reports/screen_ofi_x_premium_sign_20250701_20250930_222343.json
      PASS  ofi_z_x_spread_z         status=ok  max|corr|=0.432
              h=  15s  is_ic=-0.0305 (t=-3.25)  oos_ic=-0.0466 (t=-3.86)  [pass]
              h=  30s  is_ic=-0.0211 (t=-1.72)  oos_ic=-0.0321 (t=-2.73)  [fail]
              h=  60s  is_ic=-0.0163 (t=-1.23)  oos_ic=-0.0069 (t=-0.32)  [fail]
              h= 300s  is_ic=-0.0053 (t=-1.11)  oos_ic=-0.0142 (t=-1.30)  [fail]
              h= 900s  is_ic=-0.0010 (t=-0.25)  oos_ic=-0.0205 (t=-0.58)  [fail]
              report: /data/factor_lzt/prod/explore/reports/screen_ofi_z_x_spread_z_20250701_20250930_222346.json
      PASS  oir_mom_60s              status=ok  max|corr|=0.656
              h=  15s  is_ic=+0.2584 (t=+19.60)  oos_ic=+0.1724 (t=+14.34)  [pass]
              h=  30s  is_ic=+0.2374 (t=+8.36)  oos_ic=+0.1285 (t=+10.15)  [pass]
              h=  60s  is_ic=+0.2016 (t=+4.88)  oos_ic=+0.0876 (t=+9.45)  [fail]
              h= 300s  is_ic=+0.1143 (t=+4.50)  oos_ic=+0.0345 (t=+6.11)  [fail]
              h= 900s  is_ic=+0.0709 (t=+4.45)  oos_ic=+0.0256 (t=+16.59)  [fail]
              report: /data/factor_lzt/prod/explore/reports/screen_oir_mom_60s_20250701_20250930_222348.json
      FAIL  prem_reversion_x_rv      status=ok  max|corr|=0.040
              - no horizon passed (need IS |t| >= 2.0, OOS |t| >= 2.0, retention >= 0.5 with same sign)
              h=  15s  is_ic=-0.0009 (t=-0.29)  oos_ic=+0.0101 (t=+0.88)  [fail]
              h=  30s  is_ic=+0.0002 (t=+0.04)  oos_ic=+0.0129 (t=+1.32)  [fail]
              h=  60s  is_ic=-0.0007 (t=-0.12)  oos_ic=+0.0129 (t=+0.81)  [fail]
              h= 300s  is_ic=+0.0024 (t=+0.53)  oos_ic=+0.0093 (t=+0.69)  [fail]
              h= 900s  is_ic=+0.0062 (t=+0.87)  oos_ic=-0.0017 (t=-0.20)  [fail]
              report: /data/factor_lzt/prod/explore/reports/screen_prem_reversion_x_rv_20250701_20250930_222350.json
      FAIL  prem_x_cancel            status=ok  max|corr|=-1.000
              - no horizon passed (need IS |t| >= 2.0, OOS |t| >= 2.0, retention >= 0.5 with same sign)
              h=  15s  is_ic=+nan (t=+nan)  oos_ic=+nan (t=+nan)  [fail]
              h=  30s  is_ic=+nan (t=+nan)  oos_ic=+nan (t=+nan)  [fail]
              h=  60s  is_ic=+nan (t=+nan)  oos_ic=+nan (t=+nan)  [fail]
              h= 300s  is_ic=+nan (t=+nan)  oos_ic=+nan (t=+nan)  [fail]
              h= 900s  is_ic=+nan (t=+nan)  oos_ic=+nan (t=+nan)  [fail]
              report: /data/factor_lzt/prod/explore/reports/screen_prem_x_cancel_20250701_20250930_222351.json
      FAIL  prem_x_depth_imb         status=ok  max|corr|=0.174
              - no horizon passed (need IS |t| >= 2.0, OOS |t| >= 2.0, retention >= 0.5 with same sign)
              h=  15s  is_ic=-0.0178 (t=-3.52)  oos_ic=-0.0013 (t=-0.26)  [fail]
              h=  30s  is_ic=-0.0166 (t=-2.34)  oos_ic=-0.0057 (t=-0.50)  [fail]
              h=  60s  is_ic=-0.0108 (t=-1.91)  oos_ic=-0.0030 (t=-0.33)  [fail]
              h= 300s  is_ic=-0.0033 (t=-0.83)  oos_ic=-0.0156 (t=-2.01)  [fail]
              h= 900s  is_ic=-0.0006 (t=-0.13)  oos_ic=+0.0013 (t=+0.18)  [fail]
              report: /data/factor_lzt/prod/explore/reports/screen_prem_x_depth_imb_20250701_20250930_222353.json
      FAIL  premium_dev_day          status=ok  max|corr|=0.708
              - no horizon passed (need IS |t| >= 2.0, OOS |t| >= 2.0, retention >= 0.5 with same sign)
              h=  15s  is_ic=-0.0691 (t=-7.89)  oos_ic=-0.0123 (t=-1.07)  [fail]
              h=  30s  is_ic=-0.0725 (t=-6.62)  oos_ic=+0.0024 (t=+0.12)  [fail]
              h=  60s  is_ic=-0.0738 (t=-6.53)  oos_ic=-0.0086 (t=-0.36)  [fail]
              h= 300s  is_ic=-0.0663 (t=-6.08)  oos_ic=+0.0294 (t=+1.80)  [fail]
              h= 900s  is_ic=-0.0568 (t=-3.28)  oos_ic=+0.0290 (t=+1.47)  [fail]
              report: /data/factor_lzt/prod/explore/reports/screen_premium_dev_day_20250701_20250930_222355.json
      PASS  price_accel_60_180       status=ok  max|corr|=0.207
              h=  15s  is_ic=-0.0086 (t=-2.01)  oos_ic=-0.0024 (t=-0.14)  [fail]
              h=  30s  is_ic=-0.0082 (t=-1.64)  oos_ic=-0.0059 (t=-0.38)  [fail]
              h=  60s  is_ic=-0.0028 (t=-0.46)  oos_ic=-0.0080 (t=-0.39)  [fail]
              h= 300s  is_ic=+0.0173 (t=+1.71)  oos_ic=+0.0421 (t=+0.92)  [fail]
              h= 900s  is_ic=+0.0498 (t=+4.58)  oos_ic=+0.0864 (t=+2.35)  [pass]
              report: /data/factor_lzt/prod/explore/reports/screen_price_accel_60_180_20250701_20250930_222357.json
      FAIL  queue_pressure_x_slope   status=ok  max|corr|=0.279
              - no horizon passed (need IS |t| >= 2.0, OOS |t| >= 2.0, retention >= 0.5 with same sign)
              h=  15s  is_ic=+0.1156 (t=+7.22)  oos_ic=+0.0400 (t=+12.15)  [fail]
              h=  30s  is_ic=+0.1009 (t=+4.53)  oos_ic=+0.0186 (t=+2.80)  [fail]
              h=  60s  is_ic=+0.0814 (t=+3.36)  oos_ic=+0.0110 (t=+0.98)  [fail]
              h= 300s  is_ic=+0.0411 (t=+2.62)  oos_ic=-0.0055 (t=-0.30)  [fail]
              h= 900s  is_ic=+0.0181 (t=+1.57)  oos_ic=+0.0126 (t=+2.04)  [fail]
              report: /data/factor_lzt/prod/explore/reports/screen_queue_pressure_x_slope_20250701_20250930_222400.json
      FAIL  regime_vol_x_flow        status=ok  max|corr|=0.075
              - no horizon passed (need IS |t| >= 2.0, OOS |t| >= 2.0, retention >= 0.5 with same sign)
              h=  15s  is_ic=-0.0305 (t=-5.30)  oos_ic=+0.0024 (t=+0.30)  [fail]
              h=  30s  is_ic=-0.0326 (t=-3.74)  oos_ic=+0.0044 (t=+0.55)  [fail]
              h=  60s  is_ic=-0.0265 (t=-2.41)  oos_ic=+0.0140 (t=+0.69)  [fail]
              h= 300s  is_ic=-0.0144 (t=-1.59)  oos_ic=+0.0321 (t=+1.82)  [fail]
              h= 900s  is_ic=-0.0037 (t=-0.33)  oos_ic=-0.0206 (t=-0.48)  [fail]
              report: /data/factor_lzt/prod/explore/reports/screen_regime_vol_x_flow_20250701_20250930_222402.json
      FAIL  rv_ratio_60_300          status=ok  max|corr|=0.710
              - no horizon passed (need IS |t| >= 2.0, OOS |t| >= 2.0, retention >= 0.5 with same sign)
              h=  15s  is_ic=+0.0037 (t=+0.68)  oos_ic=-0.0054 (t=-0.39)  [fail]
              h=  30s  is_ic=+0.0083 (t=+0.99)  oos_ic=-0.0048 (t=-0.22)  [fail]
              h=  60s  is_ic=+0.0137 (t=+1.37)  oos_ic=-0.0067 (t=-0.23)  [fail]
              h= 300s  is_ic=+0.0082 (t=+1.00)  oos_ic=+0.0267 (t=+1.31)  [fail]
              h= 900s  is_ic=+0.0068 (t=+0.92)  oos_ic=+0.0137 (t=+2.88)  [fail]
              report: /data/factor_lzt/prod/explore/reports/screen_rv_ratio_60_300_20250701_20250930_222404.json
      FAIL  rv_ratio_z_300s          status=ok  max|corr|=0.567
              - no horizon passed (need IS |t| >= 2.0, OOS |t| >= 2.0, retention >= 0.5 with same sign)
              h=  15s  is_ic=-0.0017 (t=-0.32)  oos_ic=-0.0133 (t=-0.90)  [fail]
              h=  30s  is_ic=+0.0023 (t=+0.31)  oos_ic=-0.0123 (t=-0.53)  [fail]
              h=  60s  is_ic=+0.0113 (t=+1.27)  oos_ic=-0.0171 (t=-0.53)  [fail]
              h= 300s  is_ic=+0.0133 (t=+1.30)  oos_ic=+0.0139 (t=+0.57)  [fail]
              h= 900s  is_ic=+0.0007 (t=+0.08)  oos_ic=+0.0081 (t=+0.40)  [fail]
              report: /data/factor_lzt/prod/explore/reports/screen_rv_ratio_z_300s_20250701_20250930_222406.json
      FAIL  rv_z_300s                status=ok  max|corr|=0.317
              - no horizon passed (need IS |t| >= 2.0, OOS |t| >= 2.0, retention >= 0.5 with same sign)
              h=  15s  is_ic=+0.0075 (t=+1.66)  oos_ic=+0.0091 (t=+0.64)  [fail]
              h=  30s  is_ic=+0.0105 (t=+1.61)  oos_ic=+0.0149 (t=+0.71)  [fail]
              h=  60s  is_ic=+0.0133 (t=+1.51)  oos_ic=+0.0267 (t=+0.89)  [fail]
              h= 300s  is_ic=+0.0036 (t=+0.27)  oos_ic=+0.0538 (t=+1.60)  [fail]
              h= 900s  is_ic=+0.0070 (t=+0.63)  oos_ic=+0.0361 (t=+1.51)  [fail]
              report: /data/factor_lzt/prod/explore/reports/screen_rv_z_300s_20250701_20250930_222409.json
      FAIL  session_u_x_mom          status=ok  max|corr|=0.424
              - no horizon passed (need IS |t| >= 2.0, OOS |t| >= 2.0, retention >= 0.5 with same sign)
              h=  15s  is_ic=+0.0315 (t=+3.32)  oos_ic=+0.0208 (t=+1.63)  [fail]
              h=  30s  is_ic=+0.0419 (t=+2.49)  oos_ic=+0.0020 (t=+0.09)  [fail]
              h=  60s  is_ic=+0.0498 (t=+2.21)  oos_ic=-0.0002 (t=-0.01)  [fail]
              h= 300s  is_ic=+0.0316 (t=+3.86)  oos_ic=+0.0136 (t=+0.46)  [fail]
              h= 900s  is_ic=+0.0246 (t=+2.35)  oos_ic=+0.0274 (t=+1.26)  [fail]
              report: /data/factor_lzt/prod/explore/reports/screen_session_u_x_mom_20250701_20250930_222411.json
      FAIL  signed_arrival_z         status=ok  max|corr|=0.181
              - no horizon passed (need IS |t| >= 2.0, OOS |t| >= 2.0, retention >= 0.5 with same sign)
              h=  15s  is_ic=+0.0083 (t=+1.79)  oos_ic=+0.0055 (t=+0.61)  [fail]
              h=  30s  is_ic=+0.0043 (t=+0.69)  oos_ic=+0.0102 (t=+0.87)  [fail]
              h=  60s  is_ic=-0.0019 (t=-0.27)  oos_ic=+0.0086 (t=+0.32)  [fail]
              h= 300s  is_ic=-0.0175 (t=-2.66)  oos_ic=-0.0297 (t=-0.91)  [fail]
              h= 900s  is_ic=-0.0408 (t=-5.35)  oos_ic=-0.0983 (t=-1.94)  [fail]
              report: /data/factor_lzt/prod/explore/reports/screen_signed_arrival_z_20250701_20250930_222413.json
      PASS  signed_rv_60s            status=ok  max|corr|=0.782
              h=  15s  is_ic=-0.0476 (t=-1.72)  oos_ic=+0.0092 (t=+0.65)  [fail]
              h=  30s  is_ic=-0.0530 (t=-1.39)  oos_ic=-0.0098 (t=-0.53)  [fail]
              h=  60s  is_ic=-0.0516 (t=-1.25)  oos_ic=-0.0420 (t=-1.49)  [fail]
              h= 300s  is_ic=-0.0399 (t=-2.50)  oos_ic=-0.0296 (t=-1.09)  [fail]
              h= 900s  is_ic=-0.0498 (t=-3.60)  oos_ic=-0.0592 (t=-2.34)  [pass]
              report: /data/factor_lzt/prod/explore/reports/screen_signed_rv_60s_20250701_20250930_222415.json
      FAIL  size_x_direction         status=ok  max|corr|=0.067
              - no horizon passed (need IS |t| >= 2.0, OOS |t| >= 2.0, retention >= 0.5 with same sign)
              h=  15s  is_ic=-0.0071 (t=-2.17)  oos_ic=-0.0029 (t=-0.19)  [fail]
              h=  30s  is_ic=-0.0115 (t=-2.90)  oos_ic=+0.0046 (t=+0.25)  [fail]
              h=  60s  is_ic=-0.0155 (t=-3.11)  oos_ic=+0.0030 (t=+0.12)  [fail]
              h= 300s  is_ic=-0.0066 (t=-0.99)  oos_ic=+0.0255 (t=+0.69)  [fail]
              h= 900s  is_ic=+0.0172 (t=+2.46)  oos_ic=+0.0286 (t=+1.02)  [fail]
              report: /data/factor_lzt/prod/explore/reports/screen_size_x_direction_20250701_20250930_222418.json
      FAIL  spread_z_120s            status=ok  max|corr|=0.364
              - no horizon passed (need IS |t| >= 2.0, OOS |t| >= 2.0, retention >= 0.5 with same sign)
              h=  15s  is_ic=-0.0053 (t=-1.37)  oos_ic=-0.0129 (t=-0.50)  [fail]
              h=  30s  is_ic=-0.0059 (t=-1.13)  oos_ic=-0.0156 (t=-0.43)  [fail]
              h=  60s  is_ic=-0.0069 (t=-0.99)  oos_ic=-0.0173 (t=-0.42)  [fail]
              h= 300s  is_ic=+0.0004 (t=+0.04)  oos_ic=-0.0449 (t=-0.91)  [fail]
              h= 900s  is_ic=+0.0072 (t=+0.55)  oos_ic=+0.0360 (t=+0.89)  [fail]
              report: /data/factor_lzt/prod/explore/reports/screen_spread_z_120s_20250701_20250930_222420.json
      FAIL  spread_z_60s             status=ok  max|corr|=0.280
              - no horizon passed (need IS |t| >= 2.0, OOS |t| >= 2.0, retention >= 0.5 with same sign)
              h=  15s  is_ic=-0.0013 (t=-0.23)  oos_ic=-0.0352 (t=-1.77)  [fail]
              h=  30s  is_ic=-0.0024 (t=-0.38)  oos_ic=-0.0344 (t=-1.12)  [fail]
              h=  60s  is_ic=-0.0067 (t=-1.29)  oos_ic=-0.0209 (t=-0.57)  [fail]
              h= 300s  is_ic=-0.0005 (t=-0.06)  oos_ic=-0.0318 (t=-0.76)  [fail]
              h= 900s  is_ic=+0.0027 (t=+0.29)  oos_ic=+0.0262 (t=+0.81)  [fail]
              report: /data/factor_lzt/prod/explore/reports/screen_spread_z_60s_20250701_20250930_222422.json
      FAIL  ti_accum_120s            status=ok  max|corr|=0.600
              - no horizon passed (need IS |t| >= 2.0, OOS |t| >= 2.0, retention >= 0.5 with same sign)
              h=  15s  is_ic=+0.0234 (t=+5.34)  oos_ic=-0.0024 (t=-0.58)  [fail]
              h=  30s  is_ic=+0.0266 (t=+4.33)  oos_ic=-0.0031 (t=-1.00)  [fail]
              h=  60s  is_ic=+0.0275 (t=+3.09)  oos_ic=-0.0106 (t=-1.07)  [fail]
              h= 300s  is_ic=+0.0057 (t=+0.34)  oos_ic=-0.0219 (t=-0.56)  [fail]
              h= 900s  is_ic=-0.0301 (t=-1.66)  oos_ic=-0.0532 (t=-0.91)  [fail]
              report: /data/factor_lzt/prod/explore/reports/screen_ti_accum_120s_20250701_20250930_222424.json
      FAIL  ti_z_x_large_share       status=ok  max|corr|=0.668
              - no horizon passed (need IS |t| >= 2.0, OOS |t| >= 2.0, retention >= 0.5 with same sign)
              h=  15s  is_ic=+0.0625 (t=+7.00)  oos_ic=+0.0122 (t=+0.79)  [fail]
              h=  30s  is_ic=+0.0608 (t=+5.32)  oos_ic=-0.0059 (t=-0.26)  [fail]
              h=  60s  is_ic=+0.0590 (t=+6.34)  oos_ic=-0.0250 (t=-0.76)  [fail]
              h= 300s  is_ic=+0.0373 (t=+4.53)  oos_ic=-0.0074 (t=-0.45)  [fail]
              h= 900s  is_ic=+0.0187 (t=+3.33)  oos_ic=-0.0027 (t=-0.42)  [fail]
              report: /data/factor_lzt/prod/explore/reports/screen_ti_z_x_large_share_20250701_20250930_222426.json
      FAIL  ti_z_x_spread_z          status=ok  max|corr|=0.292
              - no horizon passed (need IS |t| >= 2.0, OOS |t| >= 2.0, retention >= 0.5 with same sign)
              h=  15s  is_ic=-0.0115 (t=-1.51)  oos_ic=-0.0071 (t=-0.45)  [fail]
              h=  30s  is_ic=-0.0047 (t=-0.48)  oos_ic=+0.0070 (t=+0.31)  [fail]
              h=  60s  is_ic=-0.0035 (t=-0.36)  oos_ic=+0.0281 (t=+0.91)  [fail]
              h= 300s  is_ic=-0.0070 (t=-1.10)  oos_ic=+0.0142 (t=+0.71)  [fail]
              h= 900s  is_ic=-0.0084 (t=-1.30)  oos_ic=-0.0049 (t=-0.31)  [fail]
              report: /data/factor_lzt/prod/explore/reports/screen_ti_z_x_spread_z_20250701_20250930_222428.json
      PASS  top_book_delta_120s      status=ok  max|corr|=0.674
              h=  15s  is_ic=+0.2542 (t=+18.59)  oos_ic=+0.1707 (t=+15.41)  [pass]
              h=  30s  is_ic=+0.2371 (t=+8.48)  oos_ic=+0.1281 (t=+12.46)  [pass]
              h=  60s  is_ic=+0.2030 (t=+5.21)  oos_ic=+0.0967 (t=+10.99)  [fail]
              h= 300s  is_ic=+0.1166 (t=+4.46)  oos_ic=+0.0342 (t=+10.15)  [fail]
              h= 900s  is_ic=+0.0718 (t=+4.23)  oos_ic=+0.0313 (t=+11.47)  [fail]
              report: /data/factor_lzt/prod/explore/reports/screen_top_book_delta_120s_20250701_20250930_222431.json
      PASS  top_book_delta_30s       status=ok  max|corr|=0.622
              h=  15s  is_ic=+0.2535 (t=+18.84)  oos_ic=+0.1657 (t=+13.36)  [pass]
              h=  30s  is_ic=+0.2305 (t=+8.59)  oos_ic=+0.1198 (t=+9.10)  [pass]
              h=  60s  is_ic=+0.1959 (t=+5.28)  oos_ic=+0.0870 (t=+9.81)  [fail]
              h= 300s  is_ic=+0.1086 (t=+4.79)  oos_ic=+0.0349 (t=+6.91)  [fail]
              h= 900s  is_ic=+0.0651 (t=+5.05)  oos_ic=+0.0260 (t=+5.92)  [fail]
              report: /data/factor_lzt/prod/explore/reports/screen_top_book_delta_30s_20250701_20250930_222433.json
      PASS  vol_adj_mom_60s          status=ok  max|corr|=0.849
              h=  15s  is_ic=-0.0637 (t=-1.99)  oos_ic=+0.0060 (t=+0.39)  [fail]
              h=  30s  is_ic=-0.0749 (t=-1.62)  oos_ic=-0.0108 (t=-0.52)  [fail]
              h=  60s  is_ic=-0.0777 (t=-1.42)  oos_ic=-0.0344 (t=-1.24)  [fail]
              h= 300s  is_ic=-0.0618 (t=-2.29)  oos_ic=-0.0338 (t=-0.98)  [fail]
              h= 900s  is_ic=-0.0776 (t=-3.04)  oos_ic=-0.0732 (t=-2.58)  [pass]
              report: /data/factor_lzt/prod/explore/reports/screen_vol_adj_mom_60s_20250701_20250930_222435.json
      FAIL  vol_confirmed_mom        status=ok  max|corr|=0.318
              - no horizon passed (need IS |t| >= 2.0, OOS |t| >= 2.0, retention >= 0.5 with same sign)
              h=  15s  is_ic=+0.0405 (t=+4.22)  oos_ic=+0.0074 (t=+0.70)  [fail]
              h=  30s  is_ic=+0.0448 (t=+3.29)  oos_ic=+0.0073 (t=+0.69)  [fail]
              h=  60s  is_ic=+0.0384 (t=+2.20)  oos_ic=+0.0092 (t=+0.77)  [fail]
              h= 300s  is_ic=+0.0205 (t=+2.10)  oos_ic=+0.0098 (t=+0.64)  [fail]
              h= 900s  is_ic=+0.0222 (t=+2.23)  oos_ic=+0.0062 (t=+0.45)  [fail]
              report: /data/factor_lzt/prod/explore/reports/screen_vol_confirmed_mom_20250701_20250930_222437.json
      FAIL  vol_rate_x_ti            status=ok  max|corr|=0.253
              - no horizon passed (need IS |t| >= 2.0, OOS |t| >= 2.0, retention >= 0.5 with same sign)
              h=  15s  is_ic=+0.0398 (t=+5.71)  oos_ic=+0.0107 (t=+1.03)  [fail]
              h=  30s  is_ic=+0.0291 (t=+4.39)  oos_ic=+0.0118 (t=+1.01)  [fail]
              h=  60s  is_ic=+0.0173 (t=+3.43)  oos_ic=+0.0070 (t=+0.38)  [fail]
              h= 300s  is_ic=+0.0057 (t=+1.15)  oos_ic=+0.0085 (t=+0.65)  [fail]
              h= 900s  is_ic=+0.0023 (t=+0.53)  oos_ic=-0.0088 (t=-0.71)  [fail]
              report: /data/factor_lzt/prod/explore/reports/screen_vol_rate_x_ti_20250701_20250930_222440.json
      PASS  wdi_accel_90s            status=ok  max|corr|=0.315
              h=  15s  is_ic=+0.1460 (t=+19.63)  oos_ic=+0.0886 (t=+5.78)  [pass]
              h=  30s  is_ic=+0.1353 (t=+10.14)  oos_ic=+0.0683 (t=+4.44)  [pass]
              h=  60s  is_ic=+0.1158 (t=+6.63)  oos_ic=+0.0653 (t=+5.17)  [pass]
              h= 300s  is_ic=+0.0599 (t=+5.98)  oos_ic=+0.0292 (t=+4.50)  [fail]
              h= 900s  is_ic=+0.0417 (t=+5.26)  oos_ic=+0.0283 (t=+5.89)  [pass]
              report: /data/factor_lzt/prod/explore/reports/screen_wdi_accel_90s_20250701_20250930_222442.json
      PASS  wdi_mom_180s             status=ok  max|corr|=0.572
              h=  15s  is_ic=+0.2450 (t=+19.26)  oos_ic=+0.1567 (t=+16.04)  [pass]
              h=  30s  is_ic=+0.2286 (t=+8.87)  oos_ic=+0.1242 (t=+18.72)  [pass]
              h=  60s  is_ic=+0.2010 (t=+5.14)  oos_ic=+0.0936 (t=+10.39)  [fail]
              h= 300s  is_ic=+0.1211 (t=+4.11)  oos_ic=+0.0310 (t=+1.91)  [fail]
              h= 900s  is_ic=+0.0764 (t=+4.07)  oos_ic=+0.0369 (t=+2.70)  [fail]
              report: /data/factor_lzt/prod/explore/reports/screen_wdi_mom_180s_20250701_20250930_222445.json
      PASS  wdi_mom_30s              status=ok  max|corr|=0.558
              h=  15s  is_ic=+0.2635 (t=+25.01)  oos_ic=+0.1674 (t=+9.86)  [pass]
              h=  30s  is_ic=+0.2417 (t=+11.44)  oos_ic=+0.1248 (t=+7.36)  [pass]
              h=  60s  is_ic=+0.2040 (t=+6.32)  oos_ic=+0.0913 (t=+7.97)  [fail]
              h= 300s  is_ic=+0.1135 (t=+5.51)  oos_ic=+0.0446 (t=+5.18)  [fail]
              h= 900s  is_ic=+0.0677 (t=+5.83)  oos_ic=+0.0331 (t=+6.25)  [fail]
              report: /data/factor_lzt/prod/explore/reports/screen_wdi_mom_30s_20250701_20250930_222447.json
